// Jest Snapshot v1, https://goo.gl/fbAQLP

exports[`<EducationFooter /> should render and match the snapshot 1`] = `
<div
  className="d-flex flex-column align-items-center flex-md-row justify-content-md-end my-5"
>
  <ForwardRef(LinkButtonMod__ButtonMod)
    color="link"
    onClick={[Function]}
  >
    <FormattedMessage
      defaultMessage="Skip"
      id="CodeMonk.containers.containerMessage.skipButton"
      values={Object {}}
    />
  </ForwardRef(LinkButtonMod__ButtonMod)>
  <Button
    className="btn-primary mt-3 mt-md-0 ms-md-3"
    disabled={true}
    onClick={[Function]}
  >
    <FormattedMessage
      defaultMessage="Continue"
      id="CodeMonk.containers.containerMessage.continueButton"
      values={Object {}}
    />
  </Button>
</div>
`;
