// Jest Snapshot v1, https://goo.gl/fbAQLP

exports[`<LocaleToggle /> should match the snapshot 1`] = `
<div
  class="Wrapper-sc-7t6cg7-0 hGuqsp"
>
  <select
    class="Select-tzlrp3-0 kLMdqF"
  >
    <option
      value="en"
    >
      en
    </option>
    <option
      value="de"
    >
      de
    </option>
  </select>
</div>
`;
