// Jest Snapshot v1, https://goo.gl/fbAQLP

exports[`<MainForm /> should render and match the snapshot 1`] = `
<React.Fragment>
  <HelmetWrapper
    defer={true}
    encodeSpecialCharacters={true}
  >
    <title>
      Check your Email
    </title>
    <meta
      content="Check your Email"
      name="description"
    />
  </HelmetWrapper>
  <ForwardRef(ContainerMod)
    className="w-auto p-0"
  >
    <ForwardRef(Card)
      className="p-0 bg-transparent"
    >
      <ForwardRef(OnboardingForm)>
        <ForwardRef(OnboardingForm__OnBoardingFormBody)>
          <React.Fragment>
            <ForwardRef(H1)
              className="mb-3"
            >
              <FormattedMessage
                defaultMessage="Check your Email"
                id="CodeMonk.components.VerifyEmailPage.headingVerifyEmail"
                values={Object {}}
              />
            </ForwardRef(H1)>
            <ForwardRef(P)
              className="p16"
              opacityVal="0.5"
            >
              <FormattedMessage
                defaultMessage="A password reset link has been sent to your registered email address. Please check your inbox or spam folder and click on the link sent to reset the password"
                id="CodeMonk.components.VerifyEmailPage.textIntro"
                values={Object {}}
              />
            </ForwardRef(P)>
          </React.Fragment>
          <ForwardRef(A__LinkMod)
            className="btn-primary w-100 mt-3"
            to="/login"
          >
            <FormattedMessage
              defaultMessage="Login"
              id="CodeMonk.components.VerifyEmailPage.signInButtonText"
              values={Object {}}
            />
          </ForwardRef(A__LinkMod)>
        </ForwardRef(OnboardingForm__OnBoardingFormBody)>
      </ForwardRef(OnboardingForm)>
    </ForwardRef(Card)>
  </ForwardRef(ContainerMod)>
</React.Fragment>
`;
